// Vitest Snapshot v1, https://vitest.dev/guide/snapshot.html

exports[`CookieBanner > renders correctly 1`] = `
"<!--teleport start-->
<!--teleport end-->"
`;
