// Vitest Snapshot v1, https://vitest.dev/guide/snapshot.html

exports[`HeaderMenuItem > should render the component 1`] = `"<li data-v-bc776fc3="" class="header-menu-item"><a>Test</a></li>"`;
