// Vitest Snapshot v1, https://vitest.dev/guide/snapshot.html

exports[`FooterBar.vue > renders correctly 1`] = `
"<footer data-v-a13c4e60="" class="v-footer v-theme--light elevation-3 vd-footer-bar flex-column align-stretch pa-3 w-100 v-theme--dark" style="background-color: #2f384d; color: #fff; caret-color: #fff; height: auto;" role="contentinfo">
  <!--v-if-->
  <!--v-if-->
  <!--v-if-->
  <ul data-v-a13c4e60="" class="py-2 py-sm-0 vd-footer-bar-links text-sm-center d-flex flex-column flex-sm-row flex-wrap align-start justify-center max-width-none mx-n3 my-n3">
    <li data-v-a13c4e60="">
      <routerlink data-v-a13c4e60="" to="[object Object]" tabindex="0" class="my-3 mx-4">Plan du site</routerlink>
    </li>
    <li data-v-a13c4e60="">
      <routerlink data-v-a13c4e60="" to="[object Object]" tabindex="1" class="my-3 mx-4">Conditions générales d’utilisation</routerlink>
    </li>
    <li data-v-a13c4e60="">
      <routerlink data-v-a13c4e60="" to="[object Object]" tabindex="2" class="my-3 mx-4">Gestion des cookies</routerlink>
    </li>
    <li data-v-a13c4e60="">
      <routerlink data-v-a13c4e60="" to="[object Object]" tabindex="3" class="my-3 mx-4">Mentions légales</routerlink>
    </li>
    <li data-v-a13c4e60="">
      <routerlink data-v-a13c4e60="" to="[object Object]" tabindex="4" class="my-3 mx-4">Accessibilité&nbsp;: non conforme</routerlink>
    </li>
    <!--v-if-->
  </ul>
</footer>"
`;
