// Vitest Snapshot v1, https://vitest.dev/guide/snapshot.html

exports[`HeaderBar > should render the component 1`] = `
"<header data-v-efdbe191="" class="header" style="min-height: auto;">
  <div data-v-efdbe191="" class="sticky-header" style="position: relative; width: 100%; top: auto; transform: none; transition: none;">
    <!--v-if-->
    <div data-v-efdbe191="" class="inner-header d-flex">
      <div data-v-efdbe191="" class="header-logo">
        <div data-v-a3ce97de="" data-v-efdbe191="" class="logo"><svg data-v-d1ac2910="" data-v-a3ce97de="" fill="#0c419a" width="141" height="42" viewBox="0 0 211 64" role="img" focusable="false" xmlns="http://www.w3.org/2000/svg" aria-label="Logo de l'Assurance Maladie, cliquez pour revenir Ã  l'accueil">
            <g data-v-d1ac2910="">
              <path d="M100.1 45V30.6h3.8v14.6c0 .8.4 1 .7 1h.5l.5 2.9a5 5 0 0 1-2 .3c-2.6 0-3.5-1.7-3.5-4.4Z" data-v-d1ac2910=""></path>
              <path d="m75.7 40.4 3.8-8.5h4V49h-3.6V38.4l-3 7.8h-2.4l-3-7.8v10.7H68V32h4l3.8 8.5Z" data-v-d1ac2910=""></path>
              <path d="M107.1 45.5c0-2.8 2.3-4.3 7.4-4.9 0-1.1-.8-1.8-2.2-1.8-1 0-2.1.4-3.4 1.2l-1.3-2.6c1.6-1 3.5-1.7 5.5-1.7 3.3 0 5 1.9 5 5.9V49h-3.5v-1.3s-1.5 1.6-3.6 1.6c-2.4 0-3.9-1.7-3.9-4Zm7.4-.3V43c-2.7.3-3.7 1.2-3.7 2.2 0 .8.5 1.2 1.5 1.2.8 0 1.5-.5 2.2-1.2Z" data-v-d1ac2910=""></path>
              <path d="M86.1 45.5c0-2.8 2.3-4.3 7.4-4.9 0-1.1-.8-1.8-2.2-1.8-1 0-2.1.4-3.4 1.2l-1.3-2.6c1.6-1 3.5-1.7 5.5-1.7 3.3 0 5 1.9 5 5.9V49h-3.5v-1.3S92 49.4 90 49.4c-2.4 0-3.9-1.7-3.9-4Zm7.4-.3V43c-2.7.3-3.7 1.2-3.7 2.2 0 .8.6 1.2 1.5 1.2.8 0 1.6-.5 2.2-1.2Z" data-v-d1ac2910=""></path>
              <path d="M129 30.6v6.3a4.1 4.1 0 0 0-3.2-1.2c-2.7 0-5.3 2.6-5.3 6.8 0 4.3 2 7 5.2 7 1.8 0 3.1-1.4 3.2-1.5v1.1h3.8V30.6H129Zm-2.3 15.7c-1.5 0-2.4-1.2-2.4-3.8 0-2.5 1.1-3.6 2.4-3.6.6 0 1.4.2 2.2.8v5.4c-.7.8-1.4 1.2-2.2 1.2Z" data-v-d1ac2910=""></path>
              <path d="M135.7 32c0-1.2 1-2 2.2-2 1.2 0 2.2.8 2.2 2s-1 2-2.2 2c-1.3 0-2.2-.8-2.2-2Zm.3 4h3.8V49H136V36Z" data-v-d1ac2910=""></path>
              <path d="M142.2 42.5c0-4.2 2.6-6.8 5.9-6.8 3.6 0 5.6 2.7 5.6 6.3l-.1 1.7h-7.7c.3 2 1.6 2.8 3.3 2.8 1 0 1.8-.4 2.8-1l1.3 2.5c-1.3.9-3 1.4-4.6 1.4-3.8 0-6.5-2.5-6.5-6.9Zm8.3-1.4c0-1.4-.9-2.5-2.4-2.5-1.2 0-2 .9-2.3 2.5h4.7Z" data-v-d1ac2910=""></path>
              <path d="M68 23.3V8.8h3.7v14.7c0 .8.4 1 .7 1h.5l.4 2.9a5 5 0 0 1-1.9.3c-2.6 0-3.5-1.7-3.5-4.4Z" data-v-d1ac2910=""></path>
              <path d="m88.1 23.3 1 4.1h4l-5.3-17.3h-4.4l-5.3 17.3h4l1-4.1h5Zm-4.2-3 1.6-6.6h.2l1.6 6.5H84Z" data-v-d1ac2910=""></path>
              <path d="m93.9 25.9 1.7-2.4c1.1.9 2.2 1.3 3.3 1.3 1.1 0 1.6-.4 1.6-1 0-1-1.2-1.4-2.6-1.9-1.6-.6-3.4-1.7-3.4-3.8 0-2.5 2-4.2 5-4.2 1.9 0 3.4.8 4.5 1.7l-1.7 2.4c-1-.7-1.8-1.2-2.8-1.2-1 0-1.4.4-1.4 1 0 1 1.2 1.2 2.5 1.7 1.6.7 3.5 1.6 3.5 4s-1.9 4.2-5.3 4.2c-1.7 0-3.6-.7-5-1.8Z" data-v-d1ac2910=""></path>
              <path d="m105.3 25.9 1.7-2.4c1.1.9 2.2 1.3 3.3 1.3 1.1 0 1.6-.4 1.6-1 0-1-1.2-1.4-2.6-1.9-1.6-.6-3.4-1.7-3.4-3.8 0-2.5 2-4.2 5-4.2 1.9 0 3.4.8 4.5 1.7l-1.7 2.4c-1-.7-1.8-1.2-2.8-1.2-1 0-1.4.4-1.4 1 0 1 1.2 1.2 2.5 1.7 1.6.7 3.5 1.6 3.5 4s-1.9 4.2-5.3 4.2c-1.7 0-3.6-.7-5-1.8Z" data-v-d1ac2910=""></path>
              <path d="M132.2 14.3h3.8V16c.8-1.4 2.5-2 3.4-2 .8 0 1.2.2 1.6.3l-.4 3.6c-.5-.2-1.1-.4-1.7-.4-1.5 0-2.8 1.3-2.9 3v6.8h-3.8V14.3Z" data-v-d1ac2910=""></path>
              <path d="M155.7 14.3h3.8v1.6c1-1 2.2-2 4-2 2.7 0 4 2 4 5.3v8.2h-3.9v-7.7c0-1.9-.5-2.5-1.6-2.5-1 0-1.6.5-2.5 1.3v8.8h-3.8v-13Z" data-v-d1ac2910=""></path>
              <path d="M180.6 20.8c0-4.3 2.7-6.9 5.9-6.9 3.7 0 5.7 2.8 5.7 6.3 0 .7 0 1.4-.2 1.8h-7.7c.4 1.9 1.7 2.8 3.4 2.8 1 0 1.8-.4 2.7-1l1.3 2.4c-1.3 1-3 1.5-4.6 1.5-3.7 0-6.5-2.5-6.5-6.9Zm8.4-1.4c0-1.4-.9-2.5-2.4-2.5-1.2 0-2 .8-2.3 2.5h4.7Z" data-v-d1ac2910=""></path>
              <path d="M141.8 23.7c0-2.7 2.3-4.3 7.4-4.8 0-1.2-.8-1.9-2.2-1.9a7 7 0 0 0-3.4 1.2l-1.3-2.5c1.6-1 3.4-1.8 5.5-1.8 3.3 0 5 2 5 6v7.5h-3.6V26s-1.4 1.6-3.5 1.6c-2.4 0-4-1.7-4-4Zm7.4-.2v-2.3c-2.7.4-3.8 1.3-3.8 2.3 0 .8.6 1.2 1.5 1.2s1.7-.5 2.3-1.2Z" data-v-d1ac2910=""></path>
              <path d="M76.7 8.8c-.8 0-1.9.6-1.9 1.7 0 1 .8 1.5 1.6 1.5 0 1.2-1 1.8-1.5 2.1l1 1.4c3.3-1 4-6.7.8-6.7Z" data-v-d1ac2910=""></path>
              <path d="M125.3 14.3V23c-.8 1-1.4 1.4-2.3 1.4-1 0-1.6-.6-1.6-2.5v-7.6h-3.8v8.3c0 3 1.4 5.1 4 5.1 2.5 0 3.8-1.6 3.8-1.6v1.3h3.7V14.3h-3.8Z" data-v-d1ac2910=""></path>
              <path d="M176.3 24.6c-1.7 0-3-1.5-3-3.7 0-2.3 1.3-3.8 3-3.8.6 0 1.1.2 1.7.7l1.8-2.5c-.9-.8-2.1-1.3-3.7-1.3a6.5 6.5 0 0 0-6.6 6.9c0 4.3 2.7 6.8 6.3 6.8 1.4 0 3-.4 4.2-1.5l-1.4-2.7c-.7.6-1.5 1-2.3 1Z" data-v-d1ac2910=""></path>
            </g>
            <path d="M34.8 9c-.1-.2-.4-.3-.6-.3H34c-.2-.2-5.3 0-6.5.7 0-.8-.4-1.8-1.7-2-1-.3-3.1.7-2.4 2.8 0 .3.3.6.7.8.2 0 .5 0 .7.6h.3l.2.2h.5c.4.4.8-.1 1-.5l.7 2c-.2-.2-1.8-.6-2.5.2s-1.2 1.8-1.7 3.5c-.2.4-.5.7-1 .9-.9.3-.4.7-.2.7a6 6 0 0 0 2 0c.4-.2.1-1 .5-1.4l.8-1c0 .5 0 .8-.3 1.5-.2.7-1 1-1.3 1.3-.4.5.6.5.8.5.7-.2 1-.2 1.3-.4.4-.2.2-.8.3-1 .3-.7 1.4-2 1.6-2.3.8.2 1.7.2 2 .2 1.9-.2 2.3-1.5 2-2.6-.1-1-.7-1.5-.9-1.8l-.9-1.4 3.5-.9c0 .3.3.3.4.4.2.1.3 0 .2-.1a.6.6 0 0 1-.2-.2h.7c.3 0 .4-.4.3-.5Z" data-v-d1ac2910=""></path>
            <path fill-rule="evenodd" clip-rule="evenodd" d="M61 26.7c-.5-2.6-2.9-4.1-4.1-4.7l-1.4-.4-.4-.2c.1-.5.8-.5 1.2-1.3 1-2.3-1.2-3.8-2.8-3.5-.8.2-1.3.4-1.5 1 0 .4-.3.4-.7.8-.2.2.1.4.2.5l-.1.3v.5s-.3.3 0 .7l.3.8c0 .1 0 .2-.3 0l-3.4-1a37.4 37.4 0 0 1-4.2-4.7c-.7 0 .5 1.3-.1.8-.2 0-.7-.4-.8-.5l-.1-.2-.3-.3H42.2c-.2 0-.1.5 0 .7 0 0 .4 1.2.6 1.4l1.5 1 2.6 3c.7.7 3.8 2.5 3.9 2.6.2 0 .5.8 0 5.5-.1 1.8-1.4 5.6-.8 7.5.4 1.3.9 2.2 1.3 5.6.1.8-.5 1.3-1.3 2l-1.4.8c-.2.2 0 .4.2.5.2 0 .5.3.8.3.3.1.9 0 1.4-.3.7-.3.7-.4 1-.6.5-.3 1-.3 1.2-.8.2-.6-.3-1.4-.3-1.7.4-2.8.9-4.1.2-5.8-.2-.3 1-4 1-3.4.2.9.3 3.8.3 5.9 0 .9.8 4.2 1 5.4.4 1.8-2.6 3.2-2 3.8l1 .3 1-.1c.3-.1.6-.5.7-.6.6-.8.4-.6 1-1.1.4-.5 0-1.4 0-1.8v-2.9c0-1.9 0-2.4.2-3.2l1-6.2s.2 0 .3-.2c.2-.2.1-.5.2-.7 0-.2 0 0 0 0l.2.6-.2.8c-.2.4.1.4.2.5 0 0 1-.7 1.2-1l.1-.8-.2-1.8c.2-.9 1-3.2.8-3.8Zm-2.2 3.6c-.2.5-.2 0-.6 1.7V31.1c0-2.1-1.5-6.5-.6-5.6 0 0 1.2.8 1.4 1.4.2.5.1 1.8-.2 3.4Z" data-v-d1ac2910=""></path>
            <path d="M20 35.3c-.3-.3-1.6-2-2.4-2.7l-1-1.5c-1.6-2-1.9-2.1-3-2.2-.1-.2 0-.3 0-.4 1.3-.5.9-1.6.8-1.7l.2-.6-.2-1-.1-.7c-.8-.9-2.6-.9-3.5-.3-.8.5-.3.9-.6 1.6-.1.5 0 .9.3 1.2 0 .3.8.7.7 1.2-.2.6-1 .7-1 .7l-.3.1c-1.4.8-2.7 2-2.9 3.2 0 1 1.7 2.5 2.7 3.3.1 1.7 1.2 4.4 1.3 4.5.1.3-.3-.3-1.4-.7-.6-.1-1.2-.9-1.4 0 0 .4 0 1-.3 1.8-.2.6 0 1.5.7 1.5.5 0 .8-1.4.8-1.4s2.3 1 3.3.7c.7-.2.8-2.7.2-5-.2-.8.4 1.3 2 3.1.2.4 0 .7.2 2.2v1c0 .7-.7 1.6.9 2 1.6.4 1.5.8 2.5.1.5-.3-1.4-.5-1.8-1.6v-.2c0-.9.3-2.9.2-3.6-.6-3.4-2-5-2.2-5.8 0-2.4-.2-3.2 0-2.6l1 1.5.3.3.4.4 2.8 2.1s.1 1 .6 1c.4 0 2.3-1 2.2-1.1 0-.3-2-.3-2-.4ZM9.7 34l-1-1.8c.4-.7 1-1 1-.9.2 0 0 2.7 0 2.7Z" data-v-d1ac2910=""></path>
            <path d="M51.8 54.8c-.1 0-1.2-.5-2.2-2-.5-.8-3.8-7-4.3-8.2-.9-2.4-8-6.7-8.2-7-.2-.1-.2-.5-.1-.8.5-2 .3-3.8.4-4.1.3-.7.8-1.7.4-2.3l-.7-1.2s3.7 1.4 4.6 1.2c.8-.2 4.5-2.8 4.7-2.9.5-.2 1.8.1 3-1.3.5-.5.2-.6 0-.6.1 0-.1-.2-.4 0-.2.1-1.3.4-1.1.2.8-.5.2-.7.2-.7-.3.3-1.8.7-2.1 1l-.8.5c-.9.5-2.4 1.3-4 1.7-.3 0-3.3-2-5-2.2-1-.1-1.3 0-1.8.1-.6.2-.6-.7 0-1 .2 0 .6-.1.7-.4.2-.4 0-.7 0-.8v-.2l-.1-.1v-.5c.3-.2.2-.4.1-.4-.1-.1-.6-.4-.7-.7 0-.6-.3-.9-.3-1.2 0 0-.1-.8-.4-1-.4-.4-1.2-.8-2.8-.3-.6.1-.5.4-1.8.6-1.6.3-2.4 2.7-2.3 3.7.1.8.8.4.8.7 0 .6-.1 1.5 1 1.8.3 0 1.8-.2 2.4 0 0 0 .5 0 .2.4-.1.2-1.6.9-2 1-1 .4-3.6 4.6-4.3 5-.7.3-1 .6-1.3.8-1 .6-2.1 1.4-2.7 1.4-.7 0-1.4.3-1.9 1.5-.1.3 0 .5.3.5 0 .1.2.3.4.3.2.2.5 0 .7 0l1-.7c.5-.2 4-1.5 4.7-2.1 1.2-.6 3.5-3 4-3s1.6 1 1.2 3c0 .7-1 2-1.4 2.6-1 1.5-.2 2.7-.4 3-1 1.6-2.2 3.7-4.2 5.5-.8.6-2.4.7-3.3 1-2 .5-4.2 2-5.7 2.8-.5.3-1-.3-1.6-.4-.7 0-.7 1-1 1.8l-.7 1.5c-.1.4-.7 1.7-.1 2.2.4.7 1.5-1.4 2.4-2.3.4-.5.7-.7 1.7-1 .6 0 5.6-1.4 8.8-2.2h.3c4.2-1.1 8.6-6.6 8.7-6.6l7.2 3.5c.7.4.7 1.8 1.5 3.4a22 22 0 0 0 4.4 4.9c.4.4 0 1 .2 1.6.2.6.6.6 1.1.6l1.6-.2c.7 0 .5 0 1.3.2.4 0 1.3.1 2-.5 1-1.2-1.2-.6-2.3-1.1Z" data-v-d1ac2910=""></path>
            <path d="M44 51.7a.4.4 0 0 0-.6-.2 22.2 22.2 0 0 1-21-.6.5.5 0 0 0-.6.2c-.1.2 0 .4.1.6a23 23 0 0 0 21.9.5c.2 0 .3-.3.2-.5Z" data-v-d1ac2910=""></path>
            <path d="M12.9 22.9h-.2c-.2-.2-.3-.4-.2-.6 2-4.4 5.2-8 9.3-10.4.2-.1.5 0 .6.2.2.2 0 .4-.1.6-4 2.3-7.1 5.7-9 10l-.4.2Z" data-v-d1ac2910=""></path>
            <path d="M50.3 17.3c-.1 0-.3 0-.3-.2A22 22 0 0 0 36.5 10c-.2 0-.4-.3-.3-.5 0-.3.2-.4.5-.4a23 23 0 0 1 14 7.5v.7h-.4Z" data-v-d1ac2910=""></path>
          </svg>
          <!--v-if-->
          <div data-v-a3ce97de="" if="serviceTitle">
            <div data-v-a3ce97de="" class="service-title"></div>
            <!--v-if-->
          </div>
        </div>
      </div>
      <!--v-if-->
    </div>
    <!--v-if-->
  </div>
</header>"
`;
