// Vitest Snapshot v1, https://vitest.dev/guide/snapshot.html

exports[`DataListLoading > renders correctly 1`] = `
"<div aria-hidden="true" class="vd-data-list-loading">
  <div data-v-947c5508="" class="v-skeleton-loader v-theme--light mb-4 vd-header-loading mb-4" style="height: 1.5rem; width: 100px;" arialive="polite" arialabel="Loading..." role="alert" aria-hidden="true">
    <div class="v-skeleton-loader__bone v-skeleton-loader__heading"></div>
  </div>
  <ul>
    <li class="mb-4 vd-data-list-loading-item">
      <!--v-if-->
      <div data-v-947c5508="" class="v-skeleton-loader v-theme--light vd-header-loading" style="height: 1.5rem; width: 150px;" arialive="polite" arialabel="Loading..." role="alert" aria-hidden="true">
        <div class="v-skeleton-loader__bone v-skeleton-loader__heading"></div>
      </div>
    </li>
    <li class="mb-4 vd-data-list-loading-item">
      <!--v-if-->
      <div data-v-947c5508="" class="v-skeleton-loader v-theme--light vd-header-loading" style="height: 1.5rem; width: 150px;" arialive="polite" arialabel="Loading..." role="alert" aria-hidden="true">
        <div class="v-skeleton-loader__bone v-skeleton-loader__heading"></div>
      </div>
    </li>
    <li class="vd-data-list-loading-item">
      <!--v-if-->
      <div data-v-947c5508="" class="v-skeleton-loader v-theme--light vd-header-loading" style="height: 1.5rem; width: 150px;" arialive="polite" arialabel="Loading..." role="alert" aria-hidden="true">
        <div class="v-skeleton-loader__bone v-skeleton-loader__heading"></div>
      </div>
    </li>
  </ul>
</div>"
`;
