// Vitest Snapshot v1, https://vitest.dev/guide/snapshot.html

exports[`Widthable > computes the default styles 1`] = `undefined`;

exports[`Widthable > computes the styles when max-width is defined 1`] = `undefined`;

exports[`Widthable > computes the styles when min-width is defined 1`] = `undefined`;
