// Vitest Snapshot v1, https://vitest.dev/guide/snapshot.html

exports[`HeaderBurgerMenu > should render the component 1`] = `
"<div data-v-18e6540e="" class="overlay">
  <div data-v-18e6540e="" role="menu" class="menu-wrapper" style="left: 0px; top: 0px; height: calc(100vh - 0px - 48px);"><button data-v-18e6540e="">Test</button>
    <nav data-v-18e6540e="" id="header-menu-wrapper" class="header-menu-wrapper" role="navigation" aria-label="Menu public">
      <div data-v-18e6540e="" class="header-menu">
        <div>Default slot</div>
      </div>
    </nav>
  </div>
</div>"
`;
