// Vitest Snapshot v1, https://vitest.dev/guide/snapshot.html

exports[`LangBtn.vue > renders correctly 1`] = `
"<div data-v-42678988="" id="lang-menu-8htwqxy0a"><button data-v-42678988="" type="button" class="v-btn v-theme--light text-primary v-btn--density-default v-btn--size-default v-btn--variant-outlined vd-lang-btn" aria-haspopup="menu" aria-controls="lang-menu-8htwqxy0a" aria-owns="v-menu-0" aria-expanded="false"><span class="v-btn__overlay"></span><span class="v-btn__underlay"></span>
    <!----><span class="v-btn__content" data-no-activator="">FranÃ§ais <i data-v-42678988="" class="M7,10L12,15L17,10H7Z mdi v-icon notranslate v-theme--light v-icon--size-default ml-1" aria-hidden="true"></i></span>
    <!---->
    <!---->
  </button>
  <!---->
</div>"
`;
