// Vitest Snapshot v1, https://vitest.dev/guide/snapshot.html

exports[`CustomBtnSelect.vue > renders the component with default props 1`] = `
"<div data-v-827e942d="" class="vd-user-menu-btn-ctn d-inline-block"><button data-v-827e942d="" type="button" class="v-btn v-btn--elevated v-theme--light v-btn--density-default v-btn--size-default v-btn--variant-elevated pa-1 pa-sm-3 vd-user-menu-btn" style="height: auto;" aria-haspopup="menu" aria-expanded="false" aria-owns="v-menu-0"><span class="v-btn__overlay"></span><span class="v-btn__underlay"></span>
    <!----><span class="v-btn__content" data-no-activator=""><span data-v-827e942d="" class="d-sr-only">SÃ©lectionnez une option</span><span data-v-827e942d="" class="d-flex flex-column align-end"><span data-v-827e942d="" class="font-weight-bold"></span><span data-v-827e942d="" class="text-grey text-darken-2 font-weight-medium"></span></span>
    <!--v-if--></span>
    <!---->
    <!---->
  </button>
  <!---->
</div>"
`;
